../Core/Src/main.c:103:1:__io_putchar	16	static
../Core/Src/main.c:116:5:main	24	static
../Core/Src/main.c:235:6:SystemClock_Config	96	static
../Core/Src/main.c:280:13:MX_ADC1_Init	48	static
../Core/Src/main.c:359:13:MX_TIM1_Init	112	static
../Core/Src/main.c:439:13:MX_TIM16_Init	80	static
../Core/Src/main.c:502:13:MX_USART2_UART_Init	8	static
../Core/Src/main.c:535:13:MX_DMA_Init	16	static
../Core/Src/main.c:553:13:MX_GPIO_Init	24	static
../Core/Src/main.c:566:7:MPPT	40	static
../Core/Src/main.c:609:6:HAL_ADC_ConvCpltCallback	16	static
../Core/Src/main.c:629:6:Error_Handler	4	static,ignoring_inline_asm
