../Core/Src/main.c:106:1:__io_putchar	16	static
../Core/Src/main.c:119:5:main	24	static
../Core/Src/main.c:238:6:SystemClock_Config	96	static
../Core/Src/main.c:283:13:MX_ADC1_Init	48	static
../Core/Src/main.c:362:13:MX_TIM1_Init	112	static
../Core/Src/main.c:442:13:MX_TIM16_Init	80	static
../Core/Src/main.c:505:13:MX_USART2_UART_Init	8	static
../Core/Src/main.c:538:13:MX_DMA_Init	16	static
../Core/Src/main.c:556:13:MX_GPIO_Init	24	static
../Core/Src/main.c:569:7:MPPT	40	static
../Core/Src/main.c:612:6:HAL_ADC_ConvCpltCallback	16	static
../Core/Src/main.c:632:6:Error_Handler	4	static,ignoring_inline_asm
